2026-08-03 22:40:36 | device=cpu | configs/default.yaml
2026-08-03 22:40:36 | config:
dataset:
  source: synthetic
  root: data/raw
  num_patches: 2000
  image_size: 64
  seed: 42
  eurosat_max_patches: 6000
modalities:
- optical
- multispectral
- sar
model:
  backbone: resnet18
  pretrained: true
  embedding_dim: 128
  freeze_backbone: true
  n_classes: 10
training:
  epochs: 6
  batch_size: 64
  lr: 0.001
  weight_decay: 0.0001
  temperature: 0.07
  clip_weight: 1.0
  supcon_weight: 1.0
  cls_weight: 1.0
  num_workers: 0
  patience: 3
  device: auto
  train_ratio: 0.7
  val_ratio: 0.15
retrieval:
  top_k:
  - 5
  - 10
  gallery_fraction: 0.85
  n_query: 400
evaluation:
  same_modal_pairs:
  - - optical
    - optical
  - - multispectral
    - multispectral
  - - sar
    - sar
  cross_modal_pairs:
  - - optical
    - multispectral
  - - multispectral
    - optical
  - - optical
    - sar
  - - sar
    - optical
  - - multispectral
    - sar
  - - sar
    - multispectral
outputs:
  dir: outputs
  model_dir: models
  log_file: outputs/logs/pipeline.log

2026-08-03 22:41:12 | [data] source=synthetic N=2000 classes=10 modalities=['optical', 'multispectral', 'sar']
2026-08-03 22:41:13 | [model] backbone=resnet18 embeddings=128
2026-08-03 22:42:04 | [train] epoch 01 | total=8.1630 clip=3.8213 supcon=2.0502 cls=2.2914 | val_acc=0.1522 val_loss=7.1504
2026-08-03 22:42:04 | [train] improved -> best_acc=0.1522 (ep 1)
2026-08-03 22:42:52 | [train] epoch 02 | total=7.0539 clip=3.3043 supcon=1.5219 cls=2.2277 | val_acc=0.3344 val_loss=6.5452
2026-08-03 22:42:52 | [train] improved -> best_acc=0.3344 (ep 2)
2026-08-03 22:43:47 | [train] epoch 03 | total=6.5564 clip=2.9734 supcon=1.4223 cls=2.1606 | val_acc=0.3600 val_loss=6.4291
2026-08-03 22:43:47 | [train] improved -> best_acc=0.3600 (ep 3)
2026-08-03 22:44:38 | [train] epoch 04 | total=6.2588 clip=2.7813 supcon=1.3741 cls=2.1034 | val_acc=0.3844 val_loss=6.4211
2026-08-03 22:44:38 | [train] improved -> best_acc=0.3844 (ep 4)
2026-08-03 22:45:42 | [train] epoch 05 | total=6.0822 clip=2.6606 supcon=1.3486 cls=2.0731 | val_acc=0.4100 val_loss=6.3110
2026-08-03 22:45:42 | [train] improved -> best_acc=0.4100 (ep 5)
2026-08-03 22:46:35 | [train] epoch 06 | total=5.9424 clip=2.5784 supcon=1.3079 cls=2.0561 | val_acc=0.4133 val_loss=6.3358
2026-08-03 22:46:35 | [train] improved -> best_acc=0.4133 (ep 6)
2026-08-03 22:46:35 | [train] done. best val_acc=0.4133 @ epoch 6
2026-08-03 22:46:35 | [eval] gallery=255 query=45 (classes=10)
2026-08-03 22:46:36 | [eval] built gallery 'optical' (255 items)
2026-08-03 22:46:37 | [eval] built gallery 'multispectral' (255 items)
2026-08-03 22:46:39 | [eval] built gallery 'sar' (255 items)
2026-08-03 22:46:39 | [eval]   optical->optical k=5   F1=0.1526 P=0.4578 R=0.0916 time=0.236ms
2026-08-03 22:46:39 | [eval]   optical->optical k=10  F1=0.2520 P=0.4422 R=0.1763 time=0.236ms
2026-08-03 22:46:39 | [eval] multispectral->multispectral k=5   F1=0.1941 P=0.5822 R=0.1165 time=0.108ms
2026-08-03 22:46:39 | [eval] multispectral->multispectral k=10  F1=0.2970 P=0.5200 R=0.2080 time=0.108ms
2026-08-03 22:46:39 | [eval]           sar->sar k=5   F1=0.1122 P=0.3378 R=0.0673 time=0.042ms
2026-08-03 22:46:39 | [eval]           sar->sar k=10  F1=0.1839 P=0.3222 R=0.1287 time=0.042ms
2026-08-03 22:46:39 | [eval] optical->multispectral k=5   F1=0.1655 P=0.4978 R=0.0993 time=0.065ms
2026-08-03 22:46:39 | [eval] optical->multispectral k=10  F1=0.2696 P=0.4733 R=0.1886 time=0.065ms
2026-08-03 22:46:39 | [eval] multispectral->optical k=5   F1=0.1734 P=0.5200 R=0.1041 time=0.057ms
2026-08-03 22:46:39 | [eval] multispectral->optical k=10  F1=0.2629 P=0.4600 R=0.1842 time=0.057ms
2026-08-03 22:46:39 | [eval]       optical->sar k=5   F1=0.0607 P=0.1822 R=0.0364 time=0.056ms
2026-08-03 22:46:39 | [eval]       optical->sar k=10  F1=0.1087 P=0.1911 R=0.0760 time=0.056ms
2026-08-03 22:46:39 | [eval]       sar->optical k=5   F1=0.0605 P=0.1867 R=0.0361 time=0.055ms
2026-08-03 22:46:39 | [eval]       sar->optical k=10  F1=0.0970 P=0.1733 R=0.0674 time=0.055ms
2026-08-03 22:46:39 | [eval] multispectral->sar k=5   F1=0.0681 P=0.2044 R=0.0409 time=0.050ms
2026-08-03 22:46:39 | [eval] multispectral->sar k=10  F1=0.1259 P=0.2222 R=0.0879 time=0.050ms
2026-08-03 22:46:39 | [eval] sar->multispectral k=5   F1=0.0388 P=0.1200 R=0.0231 time=0.051ms
2026-08-03 22:46:39 | [eval] sar->multispectral k=10  F1=0.0818 P=0.1467 R=0.0568 time=0.051ms
2026-08-03 22:46:39 | [eval] report saved: outputs\metrics\retrieval_metrics.csv
2026-08-03 22:46:39 | [eval] summary saved: outputs\metrics\retrieval_summary.json
2026-08-03 22:46:39 | 
pair                  kind       k      f1@k precision@k    recall@k   avg_time_ms
----------------------------------------------------------------------
optical->optical      same       5    0.1526      0.4578      0.0916        0.2361
optical->optical      same      10     0.252      0.4422      0.1763        0.2361
multispectral->multispectralsame       5    0.1941      0.5822      0.1165        0.1078
multispectral->multispectralsame      10     0.297        0.52       0.208        0.1078
sar->sar              same       5    0.1122      0.3378      0.0673        0.0421
sar->sar              same      10    0.1839      0.3222      0.1287        0.0421
optical->multispectralcross      5    0.1655      0.4978      0.0993        0.0648
optical->multispectralcross     10    0.2696      0.4733      0.1886        0.0648
multispectral->opticalcross      5    0.1734        0.52      0.1041        0.0567
multispectral->opticalcross     10    0.2629        0.46      0.1842        0.0567
optical->sar          cross      5    0.0607      0.1822      0.0364        0.0563
optical->sar          cross     10    0.1087      0.1911       0.076        0.0563
sar->optical          cross      5    0.0605      0.1867      0.0361        0.0547
sar->optical          cross     10     0.097      0.1733      0.0674        0.0547
multispectral->sar    cross      5    0.0681      0.2044      0.0409        0.0504
multispectral->sar    cross     10    0.1259      0.2222      0.0879        0.0504
sar->multispectral    cross      5    0.0388        0.12      0.0231        0.0514
sar->multispectral    cross     10    0.0818      0.1467      0.0568        0.0514
2026-08-03 22:46:39 | [summary] same-modal F1@5=0.1530 F1@10=0.2443 | cross-modal F1@5=0.0945 F1@10=0.1576 | weighted F1@5=0.1179 F1@10=0.1923 | avg retrieval time 0.080 ms/query
2026-08-03 22:46:39 | [pipeline] total wall-clock 363.7s
2026-08-03 22:49:57 | [data] source=synthetic N=2000 classes=10 modalities=['optical', 'multispectral', 'sar']
2026-08-03 22:50:43 | [train] epoch 01 | total=8.1630 clip=3.8213 supcon=2.0502 cls=2.2914 | val_acc=0.1522 val_loss=7.1504
2026-08-03 22:50:43 | [train] improved -> best_acc=0.1522 (ep 1)
2026-08-03 22:51:41 | [train] epoch 02 | total=7.0456 clip=3.2999 supcon=1.5197 cls=2.2261 | val_acc=0.3389 val_loss=6.5491
2026-08-03 22:51:41 | [train] improved -> best_acc=0.3389 (ep 2)
2026-08-03 22:52:25 | [train] epoch 03 | total=6.5349 clip=2.9655 supcon=1.4195 cls=2.1500 | val_acc=0.3767 val_loss=6.3957
2026-08-03 22:52:26 | [train] improved -> best_acc=0.3767 (ep 3)
2026-08-03 22:53:06 | [train] epoch 04 | total=6.2044 clip=2.7681 supcon=1.3656 cls=2.0707 | val_acc=0.3856 val_loss=6.3505
2026-08-03 22:53:07 | [train] improved -> best_acc=0.3856 (ep 4)
2026-08-03 22:54:02 | [train] epoch 05 | total=5.9619 clip=2.6269 supcon=1.3307 cls=2.0044 | val_acc=0.4100 val_loss=6.3034
2026-08-03 22:54:03 | [train] improved -> best_acc=0.4100 (ep 5)
2026-08-03 22:54:50 | [train] epoch 06 | total=5.6642 clip=2.4714 supcon=1.2688 cls=1.9240 | val_acc=0.3867 val_loss=6.3349
2026-08-03 22:55:36 | [train] epoch 07 | total=5.4405 clip=2.3426 supcon=1.2385 cls=1.8594 | val_acc=0.4011 val_loss=6.3177
2026-08-03 22:56:20 | [train] epoch 08 | total=5.2694 clip=2.2610 supcon=1.2065 cls=1.8019 | val_acc=0.4000 val_loss=6.3896
2026-08-03 22:56:20 | [train] early stop at epoch 8
2026-08-03 22:56:20 | [train] done. best val_acc=0.4100 @ epoch 5
2026-08-03 22:56:20 | [train] completed: {'best_acc': 0.41, 'best_epoch': 5}
2026-08-03 23:03:32 | device=cpu | configs/default.yaml
2026-08-03 23:03:32 | config:
dataset:
  source: synthetic
  root: data/raw
  num_patches: 2000
  image_size: 64
  seed: 42
  eurosat_max_patches: 6000
modalities:
- optical
- multispectral
- sar
model:
  backbone: resnet18
  pretrained: true
  embedding_dim: 128
  freeze_backbone: true
  unfreeze_stage: stage4
  n_classes: 10
training:
  epochs: 12
  batch_size: 64
  lr: 0.001
  weight_decay: 0.0001
  temperature: 0.07
  clip_weight: 1.0
  supcon_weight: 1.0
  cls_weight: 1.0
  num_workers: 0
  patience: 3
  device: auto
  train_ratio: 0.7
  val_ratio: 0.15
retrieval:
  top_k:
  - 5
  - 10
  gallery_fraction: 0.85
  n_query: 400
evaluation:
  same_modal_pairs:
  - - optical
    - optical
  - - multispectral
    - multispectral
  - - sar
    - sar
  cross_modal_pairs:
  - - optical
    - multispectral
  - - multispectral
    - optical
  - - optical
    - sar
  - - sar
    - optical
  - - multispectral
    - sar
  - - sar
    - multispectral
outputs:
  dir: outputs
  model_dir: models
  log_file: outputs/logs/pipeline.log

2026-08-03 23:03:36 | [data] source=synthetic N=2000 classes=10 modalities=['optical', 'multispectral', 'sar']
2026-08-03 23:03:36 | [model] backbone=resnet18 embeddings=128
2026-08-03 23:05:00 | [train] epoch 01 | total=7.0206 clip=3.2383 supcon=1.5178 cls=2.2645 | val_acc=0.2389 val_loss=6.9461
2026-08-03 23:05:00 | [train] improved -> best_acc=0.2389 (ep 1)
2026-08-03 23:06:28 | [train] epoch 02 | total=5.5149 clip=2.4542 supcon=0.9425 cls=2.1182 | val_acc=0.4222 val_loss=6.5513
2026-08-03 23:06:28 | [train] improved -> best_acc=0.4222 (ep 2)
2026-08-03 23:07:45 | [train] epoch 03 | total=4.6565 clip=1.9659 supcon=0.7365 cls=1.9541 | val_acc=0.4700 val_loss=6.7127
2026-08-03 23:07:45 | [train] improved -> best_acc=0.4700 (ep 3)
2026-08-03 23:09:02 | [train] epoch 04 | total=3.9536 clip=1.5638 supcon=0.5986 cls=1.7911 | val_acc=0.4533 val_loss=7.1258
2026-08-03 23:10:19 | [train] epoch 05 | total=3.5478 clip=1.3037 supcon=0.5633 cls=1.6808 | val_acc=0.4700 val_loss=6.8873
2026-08-03 23:11:44 | [train] epoch 06 | total=3.1157 clip=1.0674 supcon=0.4797 cls=1.5686 | val_acc=0.4689 val_loss=6.6244
2026-08-03 23:11:44 | [train] early stop at epoch 6
2026-08-03 23:11:44 | [train] done. best val_acc=0.4700 @ epoch 3
2026-08-03 23:11:44 | [eval] gallery=255 query=45 (classes=10)
2026-08-03 23:11:45 | [eval] built gallery 'optical' (255 items)
2026-08-03 23:11:47 | [eval] built gallery 'multispectral' (255 items)
2026-08-03 23:11:48 | [eval] built gallery 'sar' (255 items)
2026-08-03 23:11:48 | [eval]   optical->optical k=5   F1=0.1798 P=0.5422 R=0.1078 time=0.200ms
2026-08-03 23:11:48 | [eval]   optical->optical k=10  F1=0.3000 P=0.5267 R=0.2099 time=0.200ms
2026-08-03 23:11:48 | [eval] multispectral->multispectral k=5   F1=0.2211 P=0.6622 R=0.1328 time=0.048ms
2026-08-03 23:11:48 | [eval] multispectral->multispectral k=10  F1=0.3503 P=0.6133 R=0.2453 time=0.048ms
2026-08-03 23:11:49 | [eval]           sar->sar k=5   F1=0.1141 P=0.3422 R=0.0685 time=0.036ms
2026-08-03 23:11:49 | [eval]           sar->sar k=10  F1=0.2108 P=0.3689 R=0.1476 time=0.036ms
2026-08-03 23:11:49 | [eval] optical->multispectral k=5   F1=0.1765 P=0.5289 R=0.1060 time=0.027ms
2026-08-03 23:11:49 | [eval] optical->multispectral k=10  F1=0.3005 P=0.5267 R=0.2103 time=0.027ms
2026-08-03 23:11:49 | [eval] multispectral->optical k=5   F1=0.2033 P=0.6089 R=0.1221 time=0.028ms
2026-08-03 23:11:49 | [eval] multispectral->optical k=10  F1=0.3324 P=0.5822 R=0.2328 time=0.028ms
2026-08-03 23:11:49 | [eval]       optical->sar k=5   F1=0.0829 P=0.2533 R=0.0496 time=0.028ms
2026-08-03 23:11:49 | [eval]       optical->sar k=10  F1=0.1419 P=0.2511 R=0.0990 time=0.028ms
2026-08-03 23:11:49 | [eval]       sar->optical k=5   F1=0.0687 P=0.2089 R=0.0412 time=0.053ms
2026-08-03 23:11:49 | [eval]       sar->optical k=10  F1=0.1119 P=0.1978 R=0.0781 time=0.053ms
2026-08-03 23:11:49 | [eval] multispectral->sar k=5   F1=0.0960 P=0.2933 R=0.0574 time=0.034ms
2026-08-03 23:11:49 | [eval] multispectral->sar k=10  F1=0.1541 P=0.2733 R=0.1073 time=0.034ms
2026-08-03 23:11:49 | [eval] sar->multispectral k=5   F1=0.0708 P=0.2133 R=0.0425 time=0.049ms
2026-08-03 23:11:49 | [eval] sar->multispectral k=10  F1=0.1349 P=0.2356 R=0.0947 time=0.049ms
2026-08-03 23:11:49 | [eval] report saved: outputs\metrics\retrieval_metrics.csv
2026-08-03 23:11:49 | [eval] summary saved: outputs\metrics\retrieval_summary.json
2026-08-03 23:11:49 | 
pair                  kind       k      f1@k precision@k    recall@k   avg_time_ms
----------------------------------------------------------------------
optical->optical      same       5    0.1798      0.5422      0.1078        0.2003
optical->optical      same      10       0.3      0.5267      0.2099        0.2003
multispectral->multispectralsame       5    0.2211      0.6622      0.1328        0.0479
multispectral->multispectralsame      10    0.3503      0.6133      0.2453        0.0479
sar->sar              same       5    0.1141      0.3422      0.0685        0.0359
sar->sar              same      10    0.2108      0.3689      0.1476        0.0359
optical->multispectralcross      5    0.1765      0.5289       0.106        0.0275
optical->multispectralcross     10    0.3005      0.5267      0.2103        0.0275
multispectral->opticalcross      5    0.2033      0.6089      0.1221        0.0279
multispectral->opticalcross     10    0.3324      0.5822      0.2328        0.0279
optical->sar          cross      5    0.0829      0.2533      0.0496        0.0285
optical->sar          cross     10    0.1419      0.2511       0.099        0.0285
sar->optical          cross      5    0.0687      0.2089      0.0412        0.0533
sar->optical          cross     10    0.1119      0.1978      0.0781        0.0533
multispectral->sar    cross      5     0.096      0.2933      0.0574        0.0341
multispectral->sar    cross     10    0.1541      0.2733      0.1073        0.0341
sar->multispectral    cross      5    0.0708      0.2133      0.0425        0.0486
sar->multispectral    cross     10    0.1349      0.2356      0.0947        0.0486
2026-08-03 23:11:49 | [summary] same-modal F1@5=0.1717 F1@10=0.2870 | cross-modal F1@5=0.1164 F1@10=0.1959 | weighted F1@5=0.1385 F1@10=0.2324 | avg retrieval time 0.056 ms/query
2026-08-03 23:11:49 | [pipeline] total wall-clock 496.1s
